2026-09-15 15:51:19.645 +07:00 [INF] Executed DbCommand (20ms) [Parameters=[], CommandType='"Text"', CommandTimeout='30']
SELECT "MigrationId", "ProductVersion"
FROM "__EFMigrationsHistory"
ORDER BY "MigrationId";
2026-09-15 15:51:20.110 +07:00 [INF] Executed DbCommand (9ms) [Parameters=[], CommandType='"Text"', CommandTimeout='30']
CREATE TABLE IF NOT EXISTS "__EFMigrationsHistory" (
    "MigrationId" character varying(150) NOT NULL,
    "ProductVersion" character varying(32) NOT NULL,
    CONSTRAINT "PK___EFMigrationsHistory" PRIMARY KEY ("MigrationId")
);
2026-09-15 15:51:20.124 +07:00 [INF] Acquiring an exclusive lock for migration application. See https://aka.ms/efcore-docs-migrations-lock for more information if this takes too long.
2026-09-15 15:51:20.129 +07:00 [INF] Executed DbCommand (2ms) [Parameters=[], CommandType='"Text"', CommandTimeout='30']
LOCK TABLE "__EFMigrationsHistory" IN ACCESS EXCLUSIVE MODE
2026-09-15 15:51:20.133 +07:00 [INF] Executed DbCommand (1ms) [Parameters=[], CommandType='"Text"', CommandTimeout='30']
SELECT "MigrationId", "ProductVersion"
FROM "__EFMigrationsHistory"
ORDER BY "MigrationId";
2026-09-15 15:51:20.144 +07:00 [INF] No migrations were applied. The database is already up to date.
2026-09-15 15:51:20.156 +07:00 [INF] Database migration applied
2026-09-15 15:51:20.354 +07:00 [INF] Executed DbCommand (1ms) [Parameters=[], CommandType='"Text"', CommandTimeout='30']
SELECT "MigrationId", "ProductVersion"
FROM "__EFMigrationsHistory"
ORDER BY "MigrationId";
2026-09-15 15:51:20.452 +07:00 [INF] Executed DbCommand (1ms) [Parameters=[], CommandType='"Text"', CommandTimeout='30']
CREATE TABLE IF NOT EXISTS "__EFMigrationsHistory" (
    "MigrationId" character varying(150) NOT NULL,
    "ProductVersion" character varying(32) NOT NULL,
    CONSTRAINT "PK___EFMigrationsHistory" PRIMARY KEY ("MigrationId")
);
2026-09-15 15:51:20.455 +07:00 [INF] Acquiring an exclusive lock for migration application. See https://aka.ms/efcore-docs-migrations-lock for more information if this takes too long.
2026-09-15 15:51:20.457 +07:00 [INF] Executed DbCommand (1ms) [Parameters=[], CommandType='"Text"', CommandTimeout='30']
LOCK TABLE "__EFMigrationsHistory" IN ACCESS EXCLUSIVE MODE
2026-09-15 15:51:20.461 +07:00 [INF] Executed DbCommand (1ms) [Parameters=[], CommandType='"Text"', CommandTimeout='30']
SELECT "MigrationId", "ProductVersion"
FROM "__EFMigrationsHistory"
ORDER BY "MigrationId";
2026-09-15 15:51:20.465 +07:00 [INF] No migrations were applied. The database is already up to date.
2026-09-15 15:51:20.728 +07:00 [INF] Executed DbCommand (7ms) [Parameters=[], CommandType='"Text"', CommandTimeout='30']
SELECT EXISTS (
    SELECT 1
    FROM "Users" AS u)
2026-09-15 15:51:20.763 +07:00 [INF] User profile is available. Using 'C:\Users\TUNG\AppData\Local\ASP.NET\DataProtection-Keys' as key repository and Windows DPAPI to encrypt keys at rest.
2026-09-15 15:51:21.077 +07:00 [INF] Now listening on: http://localhost:5000
2026-09-15 15:51:21.081 +07:00 [INF] Application started. Press Ctrl+C to shut down.
2026-09-15 15:51:21.082 +07:00 [INF] Hosting environment: Production
2026-09-15 15:51:21.084 +07:00 [INF] Content root path: C:\Users\TUNG\Downloads\cloudsafe-full\CloudSafe.Api
2026-09-15 16:03:30.363 +07:00 [INF] Request starting HTTP/1.1 GET http://localhost:5000/api/currentUser - null null
2026-09-15 16:03:30.636 +07:00 [INF] Executing endpoint 'CloudSafe.Api.Controllers.UserController.GetCurrentUser (CloudSafe.Api)'
2026-09-15 16:03:30.662 +07:00 [INF] Route matched with {action = "GetCurrentUser", controller = "User"}. Executing controller action with signature System.Threading.Tasks.Task`1[Microsoft.AspNetCore.Mvc.IActionResult] GetCurrentUser() on controller CloudSafe.Api.Controllers.UserController (CloudSafe.Api).
2026-09-15 16:03:31.031 +07:00 [INF] Executed DbCommand (24ms) [Parameters=[@__CurrentUserId_0='?' (DbType = Guid)], CommandType='"Text"', CommandTimeout='30']
SELECT u."Id", u."Address", u."Avatar", u."CreatedAt", u."Email", u."Group", u."Name", u."PasswordHash", u."Phone", u."Role", u."Signature", u."Title", u."UpdatedAt", u."Username"
FROM "Users" AS u
WHERE u."Id" = @__CurrentUserId_0
LIMIT 1
2026-09-15 16:03:31.100 +07:00 [INF] Executed DbCommand (7ms) [Parameters=[@__CurrentUserId_0='?' (DbType = Guid)], CommandType='"Text"', CommandTimeout='30']
SELECT count(*)::int
FROM "Notices" AS n
WHERE n."UserId" = @__CurrentUserId_0 AND n."Status" = 0
2026-09-15 16:03:31.115 +07:00 [INF] Executing OkObjectResult, writing value of type '<>f__AnonymousType7`1[[CloudSafe.Api.DTOs.CurrentUserDto, CloudSafe.Api, Version=1.0.0.0, Culture=neutral, PublicKeyToken=null]]'.
2026-09-15 16:03:31.147 +07:00 [INF] Executed action CloudSafe.Api.Controllers.UserController.GetCurrentUser (CloudSafe.Api) in 478.4979ms
2026-09-15 16:03:31.155 +07:00 [INF] Executed endpoint 'CloudSafe.Api.Controllers.UserController.GetCurrentUser (CloudSafe.Api)'
2026-09-15 16:03:31.160 +07:00 [INF] HTTP GET /api/currentUser responded 200 in 668.4112 ms
2026-09-15 16:03:31.172 +07:00 [INF] Request finished HTTP/1.1 GET http://localhost:5000/api/currentUser - 200 null application/json; charset=utf-8 812.9721ms
2026-09-15 16:03:38.535 +07:00 [INF] Request starting HTTP/1.1 GET http://localhost:5000/api/keys - null null
2026-09-15 16:03:38.545 +07:00 [INF] Executing endpoint 'CloudSafe.Api.Controllers.KeysController.List (CloudSafe.Api)'
2026-09-15 16:03:38.556 +07:00 [INF] Route matched with {action = "List", controller = "Keys"}. Executing controller action with signature System.Threading.Tasks.Task`1[Microsoft.AspNetCore.Mvc.IActionResult] List() on controller CloudSafe.Api.Controllers.KeysController (CloudSafe.Api).
2026-09-15 16:03:38.594 +07:00 [INF] Executed DbCommand (7ms) [Parameters=[@__CurrentUserId_0='?' (DbType = Guid)], CommandType='"Text"', CommandTimeout='30']
SELECT r."Id", r."Algorithm", r."CreatedAt", r."KeySize", r."Name", r."OwnerId", r."PublicKeyFingerprint", r."PublicKeyPem", r."RevokedAt", r."Status"
FROM "RsaKeyPairs" AS r
WHERE r."OwnerId" = @__CurrentUserId_0
ORDER BY r."CreatedAt" DESC
2026-09-15 16:03:38.668 +07:00 [INF] Executed DbCommand (8ms) [Parameters=[@__CurrentUserId_0='?' (DbType = Guid)], CommandType='"Text"', CommandTimeout='30']
SELECT e."KeyPairId" AS "KeyId", count(*)::int AS "Count"
FROM "EncryptedFiles" AS e
WHERE e."OwnerId" = @__CurrentUserId_0
GROUP BY e."KeyPairId"
2026-09-15 16:03:38.680 +07:00 [INF] Executing OkObjectResult, writing value of type '<>f__AnonymousType21`2[[System.Collections.Generic.IEnumerable`1[[CloudSafe.Api.DTOs.KeyPairDto, CloudSafe.Api, Version=1.0.0.0, Culture=neutral, PublicKeyToken=null]], System.Private.CoreLib, Version=9.0.0.0, Culture=neutral, PublicKeyToken=7cec85d7bea7798e],[System.Boolean, System.Private.CoreLib, Version=9.0.0.0, Culture=neutral, PublicKeyToken=7cec85d7bea7798e]]'.
2026-09-15 16:03:38.724 +07:00 [INF] Executed action CloudSafe.Api.Controllers.KeysController.List (CloudSafe.Api) in 163.7616ms
2026-09-15 16:03:38.726 +07:00 [INF] Executed endpoint 'CloudSafe.Api.Controllers.KeysController.List (CloudSafe.Api)'
2026-09-15 16:03:38.728 +07:00 [INF] HTTP GET /api/keys responded 200 in 187.4447 ms
2026-09-15 16:03:38.732 +07:00 [INF] Request finished HTTP/1.1 GET http://localhost:5000/api/keys - 200 null application/json; charset=utf-8 197.1374ms
2026-09-15 16:03:40.288 +07:00 [INF] Request starting HTTP/1.1 GET http://localhost:5000/api/files?current=1&pageSize=10 - null null
2026-09-15 16:03:40.300 +07:00 [INF] Executing endpoint 'CloudSafe.Api.Controllers.FilesController.List (CloudSafe.Api)'
2026-09-15 16:03:40.318 +07:00 [INF] Route matched with {action = "List", controller = "Files"}. Executing controller action with signature System.Threading.Tasks.Task`1[Microsoft.AspNetCore.Mvc.IActionResult] List(Int32, Int32, System.String, System.Nullable`1[System.Int32]) on controller CloudSafe.Api.Controllers.FilesController (CloudSafe.Api).
2026-09-15 16:03:40.346 +07:00 [INF] Executed DbCommand (1ms) [Parameters=[@__CurrentUserId_0='?' (DbType = Guid)], CommandType='"Text"', CommandTimeout='30']
SELECT count(*)::int
FROM "EncryptedFiles" AS e
WHERE e."OwnerId" = @__CurrentUserId_0 AND e."Status" <> 2
2026-09-15 16:03:40.431 +07:00 [INF] Executed DbCommand (2ms) [Parameters=[@__CurrentUserId_0='?' (DbType = Guid), @__p_2='?' (DbType = Int32), @__p_1='?' (DbType = Int32)], CommandType='"Text"', CommandTimeout='30']
SELECT e0."Id", e0."Algorithm", e0."AuthTag", e0."CreatedAt", e0."EncryptedAesKey", e0."FileSizeBytes", e0."Iv", e0."KeyPairId", e0."MimeType", e0."OriginalName", e0."OwnerId", e0."Status", e0."StoragePath", e0."UpdatedAt", u."Id", u."Address", u."Avatar", u."CreatedAt", u."Email", u."Group", u."Name", u."PasswordHash", u."Phone", u."Role", u."Signature", u."Title", u."UpdatedAt", u."Username"
FROM (
    SELECT e."Id", e."Algorithm", e."AuthTag", e."CreatedAt", e."EncryptedAesKey", e."FileSizeBytes", e."Iv", e."KeyPairId", e."MimeType", e."OriginalName", e."OwnerId", e."Status", e."StoragePath", e."UpdatedAt"
    FROM "EncryptedFiles" AS e
    WHERE e."OwnerId" = @__CurrentUserId_0 AND e."Status" <> 2
    ORDER BY e."CreatedAt" DESC
    LIMIT @__p_2 OFFSET @__p_1
) AS e0
INNER JOIN "Users" AS u ON e0."OwnerId" = u."Id"
ORDER BY e0."CreatedAt" DESC
2026-09-15 16:03:40.442 +07:00 [INF] Executing OkObjectResult, writing value of type '<>f__AnonymousType17`3[[System.Collections.Generic.IEnumerable`1[[CloudSafe.Api.DTOs.FileDto, CloudSafe.Api, Version=1.0.0.0, Culture=neutral, PublicKeyToken=null]], System.Private.CoreLib, Version=9.0.0.0, Culture=neutral, PublicKeyToken=7cec85d7bea7798e],[System.Int32, System.Private.CoreLib, Version=9.0.0.0, Culture=neutral, PublicKeyToken=7cec85d7bea7798e],[System.Boolean, System.Private.CoreLib, Version=9.0.0.0, Culture=neutral, PublicKeyToken=7cec85d7bea7798e]]'.
2026-09-15 16:03:40.457 +07:00 [INF] Executed action CloudSafe.Api.Controllers.FilesController.List (CloudSafe.Api) in 135.8569ms
2026-09-15 16:03:40.459 +07:00 [INF] Executed endpoint 'CloudSafe.Api.Controllers.FilesController.List (CloudSafe.Api)'
2026-09-15 16:03:40.461 +07:00 [INF] HTTP GET /api/files responded 200 in 168.0232 ms
2026-09-15 16:03:40.464 +07:00 [INF] Request finished HTTP/1.1 GET http://localhost:5000/api/files?current=1&pageSize=10 - 200 null application/json; charset=utf-8 176.2429ms
2026-09-15 16:03:45.256 +07:00 [INF] Request starting HTTP/1.1 GET http://localhost:5000/api/keys - null null
2026-09-15 16:03:45.262 +07:00 [INF] Executing endpoint 'CloudSafe.Api.Controllers.KeysController.List (CloudSafe.Api)'
2026-09-15 16:03:45.263 +07:00 [INF] Route matched with {action = "List", controller = "Keys"}. Executing controller action with signature System.Threading.Tasks.Task`1[Microsoft.AspNetCore.Mvc.IActionResult] List() on controller CloudSafe.Api.Controllers.KeysController (CloudSafe.Api).
2026-09-15 16:03:45.273 +07:00 [INF] Executed DbCommand (1ms) [Parameters=[@__CurrentUserId_0='?' (DbType = Guid)], CommandType='"Text"', CommandTimeout='30']
SELECT r."Id", r."Algorithm", r."CreatedAt", r."KeySize", r."Name", r."OwnerId", r."PublicKeyFingerprint", r."PublicKeyPem", r."RevokedAt", r."Status"
FROM "RsaKeyPairs" AS r
WHERE r."OwnerId" = @__CurrentUserId_0
ORDER BY r."CreatedAt" DESC
2026-09-15 16:03:45.280 +07:00 [INF] Executed DbCommand (2ms) [Parameters=[@__CurrentUserId_0='?' (DbType = Guid)], CommandType='"Text"', CommandTimeout='30']
SELECT e."KeyPairId" AS "KeyId", count(*)::int AS "Count"
FROM "EncryptedFiles" AS e
WHERE e."OwnerId" = @__CurrentUserId_0
GROUP BY e."KeyPairId"
2026-09-15 16:03:45.284 +07:00 [INF] Executing OkObjectResult, writing value of type '<>f__AnonymousType21`2[[System.Collections.Generic.IEnumerable`1[[CloudSafe.Api.DTOs.KeyPairDto, CloudSafe.Api, Version=1.0.0.0, Culture=neutral, PublicKeyToken=null]], System.Private.CoreLib, Version=9.0.0.0, Culture=neutral, PublicKeyToken=7cec85d7bea7798e],[System.Boolean, System.Private.CoreLib, Version=9.0.0.0, Culture=neutral, PublicKeyToken=7cec85d7bea7798e]]'.
2026-09-15 16:03:45.286 +07:00 [INF] Executed action CloudSafe.Api.Controllers.KeysController.List (CloudSafe.Api) in 20.104ms
2026-09-15 16:03:45.288 +07:00 [INF] Executed endpoint 'CloudSafe.Api.Controllers.KeysController.List (CloudSafe.Api)'
2026-09-15 16:03:45.290 +07:00 [INF] HTTP GET /api/keys responded 200 in 29.5170 ms
2026-09-15 16:03:45.293 +07:00 [INF] Request finished HTTP/1.1 GET http://localhost:5000/api/keys - 200 null application/json; charset=utf-8 36.6998ms
2026-09-15 16:03:51.453 +07:00 [INF] Request starting HTTP/1.1 GET http://localhost:5000/api/keys/e5cfda35-3102-49b8-b391-36744840f107/public - null null
2026-09-15 16:03:51.457 +07:00 [INF] Executing endpoint 'CloudSafe.Api.Controllers.KeysController.GetPublicKey (CloudSafe.Api)'
2026-09-15 16:03:51.462 +07:00 [INF] Route matched with {action = "GetPublicKey", controller = "Keys"}. Executing controller action with signature System.Threading.Tasks.Task`1[Microsoft.AspNetCore.Mvc.IActionResult] GetPublicKey(System.Guid) on controller CloudSafe.Api.Controllers.KeysController (CloudSafe.Api).
2026-09-15 16:03:51.480 +07:00 [INF] Executed DbCommand (1ms) [Parameters=[@__id_0='?' (DbType = Guid)], CommandType='"Text"', CommandTimeout='30']
SELECT r."Id", r."PublicKeyPem", r."PublicKeyFingerprint", r."Algorithm", r."KeySize"
FROM "RsaKeyPairs" AS r
WHERE r."Id" = @__id_0 AND r."Status" = 0
LIMIT 1
2026-09-15 16:03:51.483 +07:00 [INF] Executing OkObjectResult, writing value of type '<>f__AnonymousType7`1[[<>f__AnonymousType22`5[[System.Guid, System.Private.CoreLib, Version=9.0.0.0, Culture=neutral, PublicKeyToken=7cec85d7bea7798e],[System.String, System.Private.CoreLib, Version=9.0.0.0, Culture=neutral, PublicKeyToken=7cec85d7bea7798e],[System.String, System.Private.CoreLib, Version=9.0.0.0, Culture=neutral, PublicKeyToken=7cec85d7bea7798e],[System.String, System.Private.CoreLib, Version=9.0.0.0, Culture=neutral, PublicKeyToken=7cec85d7bea7798e],[System.Int32, System.Private.CoreLib, Version=9.0.0.0, Culture=neutral, PublicKeyToken=7cec85d7bea7798e]], CloudSafe.Api, Version=1.0.0.0, Culture=neutral, PublicKeyToken=null]]'.
2026-09-15 16:03:51.489 +07:00 [INF] Executed action CloudSafe.Api.Controllers.KeysController.GetPublicKey (CloudSafe.Api) in 24.8771ms
2026-09-15 16:03:51.491 +07:00 [INF] Executed endpoint 'CloudSafe.Api.Controllers.KeysController.GetPublicKey (CloudSafe.Api)'
2026-09-15 16:03:51.493 +07:00 [INF] HTTP GET /api/keys/e5cfda35-3102-49b8-b391-36744840f107/public responded 200 in 36.0859 ms
2026-09-15 16:03:51.496 +07:00 [INF] Request finished HTTP/1.1 GET http://localhost:5000/api/keys/e5cfda35-3102-49b8-b391-36744840f107/public - 200 null application/json; charset=utf-8 42.9016ms
2026-09-15 16:03:51.561 +07:00 [INF] Request starting HTTP/1.1 POST http://localhost:5000/api/files/upload - multipart/form-data; boundary=----WebKitFormBoundaryoSndP2mKODRytfIc 22199
2026-09-15 16:03:51.567 +07:00 [INF] CORS policy execution failed.
2026-09-15 16:03:51.568 +07:00 [INF] Request origin http://localhost:5000 does not have permission to access the resource.
2026-09-15 16:03:51.571 +07:00 [INF] Executing endpoint 'CloudSafe.Api.Controllers.FilesController.Upload (CloudSafe.Api)'
2026-09-15 16:03:51.577 +07:00 [INF] Route matched with {action = "Upload", controller = "Files"}. Executing controller action with signature System.Threading.Tasks.Task`1[Microsoft.AspNetCore.Mvc.IActionResult] Upload(Microsoft.AspNetCore.Http.IFormFile, System.String, System.String, System.String, System.String, System.Guid, System.String, System.String) on controller CloudSafe.Api.Controllers.FilesController (CloudSafe.Api).
2026-09-15 16:03:51.615 +07:00 [INF] Executed DbCommand (1ms) [Parameters=[@__keyPairId_0='?' (DbType = Guid), @__CurrentUserId_1='?' (DbType = Guid)], CommandType='"Text"', CommandTimeout='30']
SELECT r."Id", r."Algorithm", r."CreatedAt", r."KeySize", r."Name", r."OwnerId", r."PublicKeyFingerprint", r."PublicKeyPem", r."RevokedAt", r."Status"
FROM "RsaKeyPairs" AS r
WHERE r."Id" = @__keyPairId_0 AND r."OwnerId" = @__CurrentUserId_1 AND r."Status" = 0
LIMIT 1
2026-09-15 16:03:51.822 +07:00 [INF] Executed DbCommand (9ms) [Parameters=[@p0='?' (DbType = Guid), @p1='?', @p2='?', @p3='?' (DbType = DateTime), @p4='?', @p5='?' (DbType = Int64), @p6='?', @p7='?' (DbType = Guid), @p8='?', @p9='?', @p10='?' (DbType = Guid), @p11='?' (DbType = Int32), @p12='?', @p13='?' (DbType = DateTime)], CommandType='"Text"', CommandTimeout='30']
INSERT INTO "EncryptedFiles" ("Id", "Algorithm", "AuthTag", "CreatedAt", "EncryptedAesKey", "FileSizeBytes", "Iv", "KeyPairId", "MimeType", "OriginalName", "OwnerId", "Status", "StoragePath", "UpdatedAt")
VALUES (@p0, @p1, @p2, @p3, @p4, @p5, @p6, @p7, @p8, @p9, @p10, @p11, @p12, @p13);
2026-09-15 16:03:51.876 +07:00 [INF] Executed DbCommand (2ms) [Parameters=[@p0='?' (DbType = Guid), @p1='?', @p2='?' (DbType = DateTime), @p3='?', @p4='?', @p5='?' (DbType = Int32), @p6='?', @p7='?' (DbType = Int32), @p8='?' (DbType = Guid)], CommandType='"Text"', CommandTimeout='30']
INSERT INTO "Notices" ("Id", "Avatar", "CreatedAt", "Description", "Extra", "Status", "Title", "Type", "UserId")
VALUES (@p0, @p1, @p2, @p3, @p4, @p5, @p6, @p7, @p8);
2026-09-15 16:03:51.880 +07:00 [INF] File uploaded: XÂY DỰNG CHƯƠNG TRÌNH DEMO BÀI TOÁN (1) (1) (1).docx by "00000000-0000-0000-0000-000000000001"
2026-09-15 16:03:51.883 +07:00 [INF] Executing OkObjectResult, writing value of type '<>f__AnonymousType16`2[[System.Boolean, System.Private.CoreLib, Version=9.0.0.0, Culture=neutral, PublicKeyToken=7cec85d7bea7798e],[CloudSafe.Api.DTOs.FileDto, CloudSafe.Api, Version=1.0.0.0, Culture=neutral, PublicKeyToken=null]]'.
2026-09-15 16:03:51.888 +07:00 [INF] Executed action CloudSafe.Api.Controllers.FilesController.Upload (CloudSafe.Api) in 308.3602ms
2026-09-15 16:03:51.890 +07:00 [INF] Executed endpoint 'CloudSafe.Api.Controllers.FilesController.Upload (CloudSafe.Api)'
2026-09-15 16:03:51.891 +07:00 [INF] HTTP POST /api/files/upload responded 200 in 325.4798 ms
2026-09-15 16:03:51.894 +07:00 [INF] Request finished HTTP/1.1 POST http://localhost:5000/api/files/upload - 200 null application/json; charset=utf-8 333.0104ms
2026-09-15 16:35:20.446 +07:00 [INF] Application is shutting down...
2026-09-15 16:50:02.161 +07:00 [INF] Executed DbCommand (15ms) [Parameters=[], CommandType='"Text"', CommandTimeout='30']
SELECT "MigrationId", "ProductVersion"
FROM "__EFMigrationsHistory"
ORDER BY "MigrationId";
2026-09-15 16:50:02.479 +07:00 [INF] Executed DbCommand (8ms) [Parameters=[], CommandType='"Text"', CommandTimeout='30']
CREATE TABLE IF NOT EXISTS "__EFMigrationsHistory" (
    "MigrationId" character varying(150) NOT NULL,
    "ProductVersion" character varying(32) NOT NULL,
    CONSTRAINT "PK___EFMigrationsHistory" PRIMARY KEY ("MigrationId")
);
2026-09-15 16:50:02.488 +07:00 [INF] Acquiring an exclusive lock for migration application. See https://aka.ms/efcore-docs-migrations-lock for more information if this takes too long.
2026-09-15 16:50:02.492 +07:00 [INF] Executed DbCommand (2ms) [Parameters=[], CommandType='"Text"', CommandTimeout='30']
LOCK TABLE "__EFMigrationsHistory" IN ACCESS EXCLUSIVE MODE
2026-09-15 16:50:02.496 +07:00 [INF] Executed DbCommand (1ms) [Parameters=[], CommandType='"Text"', CommandTimeout='30']
SELECT "MigrationId", "ProductVersion"
FROM "__EFMigrationsHistory"
ORDER BY "MigrationId";
2026-09-15 16:50:02.504 +07:00 [INF] No migrations were applied. The database is already up to date.
2026-09-15 16:50:02.515 +07:00 [INF] Database migration applied
2026-09-15 16:50:02.645 +07:00 [INF] Executed DbCommand (0ms) [Parameters=[], CommandType='"Text"', CommandTimeout='30']
SELECT "MigrationId", "ProductVersion"
FROM "__EFMigrationsHistory"
ORDER BY "MigrationId";
2026-09-15 16:50:02.738 +07:00 [INF] Executed DbCommand (1ms) [Parameters=[], CommandType='"Text"', CommandTimeout='30']
CREATE TABLE IF NOT EXISTS "__EFMigrationsHistory" (
    "MigrationId" character varying(150) NOT NULL,
    "ProductVersion" character varying(32) NOT NULL,
    CONSTRAINT "PK___EFMigrationsHistory" PRIMARY KEY ("MigrationId")
);
2026-09-15 16:50:02.742 +07:00 [INF] Acquiring an exclusive lock for migration application. See https://aka.ms/efcore-docs-migrations-lock for more information if this takes too long.
2026-09-15 16:50:02.743 +07:00 [INF] Executed DbCommand (0ms) [Parameters=[], CommandType='"Text"', CommandTimeout='30']
LOCK TABLE "__EFMigrationsHistory" IN ACCESS EXCLUSIVE MODE
2026-09-15 16:50:02.747 +07:00 [INF] Executed DbCommand (1ms) [Parameters=[], CommandType='"Text"', CommandTimeout='30']
SELECT "MigrationId", "ProductVersion"
FROM "__EFMigrationsHistory"
ORDER BY "MigrationId";
2026-09-15 16:50:02.750 +07:00 [INF] No migrations were applied. The database is already up to date.
2026-09-15 16:50:02.914 +07:00 [INF] Executed DbCommand (5ms) [Parameters=[], CommandType='"Text"', CommandTimeout='30']
SELECT EXISTS (
    SELECT 1
    FROM "Users" AS u)
2026-09-15 16:50:02.936 +07:00 [INF] User profile is available. Using 'C:\Users\TUNG\AppData\Local\ASP.NET\DataProtection-Keys' as key repository and Windows DPAPI to encrypt keys at rest.
2026-09-15 16:50:03.066 +07:00 [INF] Now listening on: http://localhost:5000
2026-09-15 16:50:03.068 +07:00 [INF] Application started. Press Ctrl+C to shut down.
2026-09-15 16:50:03.070 +07:00 [INF] Hosting environment: Production
2026-09-15 16:50:03.071 +07:00 [INF] Content root path: C:\Users\TUNG\Downloads\cloudsafe-full\CloudSafe.Api
2026-09-15 16:51:05.326 +07:00 [INF] Request starting HTTP/1.1 GET http://localhost:5000/api/currentUser - null null
2026-09-15 16:51:05.502 +07:00 [INF] Executing endpoint 'CloudSafe.Api.Controllers.UserController.GetCurrentUser (CloudSafe.Api)'
2026-09-15 16:51:05.518 +07:00 [INF] Route matched with {action = "GetCurrentUser", controller = "User"}. Executing controller action with signature System.Threading.Tasks.Task`1[Microsoft.AspNetCore.Mvc.IActionResult] GetCurrentUser() on controller CloudSafe.Api.Controllers.UserController (CloudSafe.Api).
2026-09-15 16:51:05.672 +07:00 [INF] Executed DbCommand (12ms) [Parameters=[@__CurrentUserId_0='?' (DbType = Guid)], CommandType='"Text"', CommandTimeout='30']
SELECT u."Id", u."Address", u."Avatar", u."CreatedAt", u."Email", u."Group", u."Name", u."PasswordHash", u."Phone", u."Role", u."Signature", u."Title", u."UpdatedAt", u."Username"
FROM "Users" AS u
WHERE u."Id" = @__CurrentUserId_0
LIMIT 1
2026-09-15 16:51:05.720 +07:00 [INF] Executed DbCommand (6ms) [Parameters=[@__CurrentUserId_0='?' (DbType = Guid)], CommandType='"Text"', CommandTimeout='30']
SELECT count(*)::int
FROM "Notices" AS n
WHERE n."UserId" = @__CurrentUserId_0 AND n."Status" = 0
2026-09-15 16:51:05.732 +07:00 [INF] Executing OkObjectResult, writing value of type '<>f__AnonymousType7`1[[CloudSafe.Api.DTOs.CurrentUserDto, CloudSafe.Api, Version=1.0.0.0, Culture=neutral, PublicKeyToken=null]]'.
2026-09-15 16:51:05.758 +07:00 [INF] Executed action CloudSafe.Api.Controllers.UserController.GetCurrentUser (CloudSafe.Api) in 234.9945ms
2026-09-15 16:51:05.763 +07:00 [INF] Executed endpoint 'CloudSafe.Api.Controllers.UserController.GetCurrentUser (CloudSafe.Api)'
2026-09-15 16:51:05.767 +07:00 [INF] HTTP GET /api/currentUser responded 200 in 383.9930 ms
2026-09-15 16:51:05.779 +07:00 [INF] Request finished HTTP/1.1 GET http://localhost:5000/api/currentUser - 200 null application/json; charset=utf-8 454.0206ms
2026-09-15 16:51:21.797 +07:00 [INF] Request starting HTTP/1.1 POST http://localhost:5000/api/login/outLogin - null 0
2026-09-15 16:51:21.805 +07:00 [INF] CORS policy execution failed.
2026-09-15 16:51:21.807 +07:00 [INF] Request origin http://localhost:5000 does not have permission to access the resource.
2026-09-15 16:51:21.812 +07:00 [INF] Executing endpoint 'CloudSafe.Api.Controllers.AuthController.Logout (CloudSafe.Api)'
2026-09-15 16:51:21.820 +07:00 [INF] Route matched with {action = "Logout", controller = "Auth"}. Executing controller action with signature Microsoft.AspNetCore.Mvc.IActionResult Logout() on controller CloudSafe.Api.Controllers.AuthController (CloudSafe.Api).
2026-09-15 16:51:21.826 +07:00 [INF] Executing OkObjectResult, writing value of type '<>f__AnonymousType1`1[[System.Boolean, System.Private.CoreLib, Version=9.0.0.0, Culture=neutral, PublicKeyToken=7cec85d7bea7798e]]'.
2026-09-15 16:51:21.832 +07:00 [INF] Executed action CloudSafe.Api.Controllers.AuthController.Logout (CloudSafe.Api) in 8.8271ms
2026-09-15 16:51:21.833 +07:00 [INF] Executed endpoint 'CloudSafe.Api.Controllers.AuthController.Logout (CloudSafe.Api)'
2026-09-15 16:51:21.834 +07:00 [INF] HTTP POST /api/login/outLogin responded 200 in 30.8236 ms
2026-09-15 16:51:21.837 +07:00 [INF] Request finished HTTP/1.1 POST http://localhost:5000/api/login/outLogin - 200 null application/json; charset=utf-8 39.6124ms
2026-09-15 16:51:52.739 +07:00 [INF] Request starting HTTP/1.1 POST http://localhost:5000/api/login/account - application/json 76
2026-09-15 16:51:52.743 +07:00 [INF] CORS policy execution failed.
2026-09-15 16:51:52.744 +07:00 [INF] Request origin http://localhost:5000 does not have permission to access the resource.
2026-09-15 16:51:52.749 +07:00 [INF] Executing endpoint 'CloudSafe.Api.Controllers.AuthController.Login (CloudSafe.Api)'
2026-09-15 16:51:52.761 +07:00 [INF] Route matched with {action = "Login", controller = "Auth"}. Executing controller action with signature System.Threading.Tasks.Task`1[Microsoft.AspNetCore.Mvc.IActionResult] Login(CloudSafe.Api.DTOs.LoginRequest) on controller CloudSafe.Api.Controllers.AuthController (CloudSafe.Api).
2026-09-15 16:51:52.845 +07:00 [INF] Executed DbCommand (2ms) [Parameters=[@__req_Username_0='?'], CommandType='"Text"', CommandTimeout='30']
SELECT u."Id", u."Address", u."Avatar", u."CreatedAt", u."Email", u."Group", u."Name", u."PasswordHash", u."Phone", u."Role", u."Signature", u."Title", u."UpdatedAt", u."Username"
FROM "Users" AS u
WHERE u."Username" = @__req_Username_0
LIMIT 1
2026-09-15 16:51:53.308 +07:00 [INF] Đăng nhập thành công: admin
2026-09-15 16:51:53.310 +07:00 [INF] Executing OkObjectResult, writing value of type '<>f__AnonymousType0`4[[System.String, System.Private.CoreLib, Version=9.0.0.0, Culture=neutral, PublicKeyToken=7cec85d7bea7798e],[System.String, System.Private.CoreLib, Version=9.0.0.0, Culture=neutral, PublicKeyToken=7cec85d7bea7798e],[System.String, System.Private.CoreLib, Version=9.0.0.0, Culture=neutral, PublicKeyToken=7cec85d7bea7798e],[System.String, System.Private.CoreLib, Version=9.0.0.0, Culture=neutral, PublicKeyToken=7cec85d7bea7798e]]'.
2026-09-15 16:51:53.313 +07:00 [INF] Executed action CloudSafe.Api.Controllers.AuthController.Login (CloudSafe.Api) in 548.5406ms
2026-09-15 16:51:53.315 +07:00 [INF] Executed endpoint 'CloudSafe.Api.Controllers.AuthController.Login (CloudSafe.Api)'
2026-09-15 16:51:53.317 +07:00 [INF] HTTP POST /api/login/account responded 200 in 574.1614 ms
2026-09-15 16:51:53.319 +07:00 [INF] Request finished HTTP/1.1 POST http://localhost:5000/api/login/account - 200 null application/json; charset=utf-8 580.6378ms
2026-09-15 16:51:53.333 +07:00 [INF] Request starting HTTP/1.1 GET http://localhost:5000/api/currentUser - null null
2026-09-15 16:51:53.339 +07:00 [INF] Executing endpoint 'CloudSafe.Api.Controllers.UserController.GetCurrentUser (CloudSafe.Api)'
2026-09-15 16:51:53.340 +07:00 [INF] Route matched with {action = "GetCurrentUser", controller = "User"}. Executing controller action with signature System.Threading.Tasks.Task`1[Microsoft.AspNetCore.Mvc.IActionResult] GetCurrentUser() on controller CloudSafe.Api.Controllers.UserController (CloudSafe.Api).
2026-09-15 16:51:53.348 +07:00 [INF] Executed DbCommand (1ms) [Parameters=[@__CurrentUserId_0='?' (DbType = Guid)], CommandType='"Text"', CommandTimeout='30']
SELECT u."Id", u."Address", u."Avatar", u."CreatedAt", u."Email", u."Group", u."Name", u."PasswordHash", u."Phone", u."Role", u."Signature", u."Title", u."UpdatedAt", u."Username"
FROM "Users" AS u
WHERE u."Id" = @__CurrentUserId_0
LIMIT 1
2026-09-15 16:51:53.354 +07:00 [INF] Executed DbCommand (1ms) [Parameters=[@__CurrentUserId_0='?' (DbType = Guid)], CommandType='"Text"', CommandTimeout='30']
SELECT count(*)::int
FROM "Notices" AS n
WHERE n."UserId" = @__CurrentUserId_0 AND n."Status" = 0
2026-09-15 16:51:53.357 +07:00 [INF] Executing OkObjectResult, writing value of type '<>f__AnonymousType7`1[[CloudSafe.Api.DTOs.CurrentUserDto, CloudSafe.Api, Version=1.0.0.0, Culture=neutral, PublicKeyToken=null]]'.
2026-09-15 16:51:53.360 +07:00 [INF] Executed action CloudSafe.Api.Controllers.UserController.GetCurrentUser (CloudSafe.Api) in 17.9461ms
2026-09-15 16:51:53.367 +07:00 [INF] Executed endpoint 'CloudSafe.Api.Controllers.UserController.GetCurrentUser (CloudSafe.Api)'
2026-09-15 16:51:53.373 +07:00 [INF] HTTP GET /api/currentUser responded 200 in 37.6797 ms
2026-09-15 16:51:53.376 +07:00 [INF] Request finished HTTP/1.1 GET http://localhost:5000/api/currentUser - 200 null application/json; charset=utf-8 42.711ms
2026-09-15 16:51:54.016 +07:00 [INF] Request starting HTTP/1.1 GET http://localhost:5000/api/currentUser - null null
2026-09-15 16:51:54.023 +07:00 [INF] Executing endpoint 'CloudSafe.Api.Controllers.UserController.GetCurrentUser (CloudSafe.Api)'
2026-09-15 16:51:54.025 +07:00 [INF] Route matched with {action = "GetCurrentUser", controller = "User"}. Executing controller action with signature System.Threading.Tasks.Task`1[Microsoft.AspNetCore.Mvc.IActionResult] GetCurrentUser() on controller CloudSafe.Api.Controllers.UserController (CloudSafe.Api).
2026-09-15 16:51:54.031 +07:00 [INF] Executed DbCommand (1ms) [Parameters=[@__CurrentUserId_0='?' (DbType = Guid)], CommandType='"Text"', CommandTimeout='30']
SELECT u."Id", u."Address", u."Avatar", u."CreatedAt", u."Email", u."Group", u."Name", u."PasswordHash", u."Phone", u."Role", u."Signature", u."Title", u."UpdatedAt", u."Username"
FROM "Users" AS u
WHERE u."Id" = @__CurrentUserId_0
LIMIT 1
2026-09-15 16:51:54.035 +07:00 [INF] Executed DbCommand (1ms) [Parameters=[@__CurrentUserId_0='?' (DbType = Guid)], CommandType='"Text"', CommandTimeout='30']
SELECT count(*)::int
FROM "Notices" AS n
WHERE n."UserId" = @__CurrentUserId_0 AND n."Status" = 0
2026-09-15 16:51:54.048 +07:00 [INF] Executing OkObjectResult, writing value of type '<>f__AnonymousType7`1[[CloudSafe.Api.DTOs.CurrentUserDto, CloudSafe.Api, Version=1.0.0.0, Culture=neutral, PublicKeyToken=null]]'.
2026-09-15 16:51:54.049 +07:00 [INF] Executed action CloudSafe.Api.Controllers.UserController.GetCurrentUser (CloudSafe.Api) in 21.6865ms
2026-09-15 16:51:54.052 +07:00 [INF] Executed endpoint 'CloudSafe.Api.Controllers.UserController.GetCurrentUser (CloudSafe.Api)'
2026-09-15 16:51:54.053 +07:00 [INF] HTTP GET /api/currentUser responded 200 in 33.2780 ms
2026-09-15 16:51:54.055 +07:00 [INF] Request finished HTTP/1.1 GET http://localhost:5000/api/currentUser - 200 null application/json; charset=utf-8 38.9876ms
2026-09-15 20:18:07.320 +07:00 [INF] Request starting HTTP/1.1 GET http://localhost:5000/api/currentUser - null null
2026-09-15 20:18:07.332 +07:00 [INF] Executing endpoint 'CloudSafe.Api.Controllers.UserController.GetCurrentUser (CloudSafe.Api)'
2026-09-15 20:18:07.335 +07:00 [INF] Route matched with {action = "GetCurrentUser", controller = "User"}. Executing controller action with signature System.Threading.Tasks.Task`1[Microsoft.AspNetCore.Mvc.IActionResult] GetCurrentUser() on controller CloudSafe.Api.Controllers.UserController (CloudSafe.Api).
2026-09-15 20:18:08.628 +07:00 [INF] Executed DbCommand (89ms) [Parameters=[@__CurrentUserId_0='?' (DbType = Guid)], CommandType='"Text"', CommandTimeout='30']
SELECT u."Id", u."Address", u."Avatar", u."CreatedAt", u."Email", u."Group", u."Name", u."PasswordHash", u."Phone", u."Role", u."Signature", u."Title", u."UpdatedAt", u."Username"
FROM "Users" AS u
WHERE u."Id" = @__CurrentUserId_0
LIMIT 1
2026-09-15 20:18:08.647 +07:00 [INF] Executed DbCommand (11ms) [Parameters=[@__CurrentUserId_0='?' (DbType = Guid)], CommandType='"Text"', CommandTimeout='30']
SELECT count(*)::int
FROM "Notices" AS n
WHERE n."UserId" = @__CurrentUserId_0 AND n."Status" = 0
2026-09-15 20:18:08.653 +07:00 [INF] Executing OkObjectResult, writing value of type '<>f__AnonymousType7`1[[CloudSafe.Api.DTOs.CurrentUserDto, CloudSafe.Api, Version=1.0.0.0, Culture=neutral, PublicKeyToken=null]]'.
2026-09-15 20:18:08.658 +07:00 [INF] Executed action CloudSafe.Api.Controllers.UserController.GetCurrentUser (CloudSafe.Api) in 1314.1637ms
2026-09-15 20:18:08.664 +07:00 [INF] Executed endpoint 'CloudSafe.Api.Controllers.UserController.GetCurrentUser (CloudSafe.Api)'
2026-09-15 20:18:08.667 +07:00 [INF] HTTP GET /api/currentUser responded 200 in 1336.2697 ms
2026-09-15 20:18:08.670 +07:00 [INF] Request finished HTTP/1.1 GET http://localhost:5000/api/currentUser - 200 null application/json; charset=utf-8 1350.0977ms
